-------------------------------------------------------------------------------------------------------------------------------------------------------------------------
      name:  <unnamed>
       log:  /Users/jreif/Documents/GitHub/my-project/analysis/scripts/logs/2022.02.01-13.46.07.log.txt
  log type:  text
 opened on:   1 Feb 2022, 13:46:07

. 
. * Configure Stata's library environment and record system parameters
. run "$MyProject/scripts/programs/_config.do"
-------------------------------------------------------------------------------
Date and time:  1 Feb 2022 13:46:07
Stata version: 17
Updated as of: 13 Dec 2021
Variant:       MP
Processors:    4
OS:            MacOSX 11.6.2
Machine type:  Macintosh (Intel 64-bit)
-------------------------------------------------------------------------------

. 
. * R packages can be installed manually (see README) or installed automatically by uncommenting the following line
. * if "$DisableR"!="1" rscript using "$MyProject/scripts/programs/_install_R_packages.R"
. 
. * Stata and R version control
. version 15

. if "$DisableR"!="1" rscript, rversion(3.6) require(tidyverse estimatr)
Version information:
[1] "R installation is version 4.1.2"

. 
. * Create directories for output files
. cap mkdir "$MyProject/processed"

. cap mkdir "$MyProject/processed/intermediate"

. cap mkdir "$MyProject/results"

. cap mkdir "$MyProject/results/figures"

. cap mkdir "$MyProject/results/intermediate"

. cap mkdir "$MyProject/results/tables"

. 
. * Run project analysis
. do "$MyProject/scripts/1_process_raw_data.do"

. ************
. * SCRIPT: 1_process_raw_data.do
. * PURPOSE: imports the raw data and saves it in Stata readable format
. ************
. 
. * Preamble (unnecessary when executing run.do)
. run "$MyProject/scripts/programs/_config.do"
-------------------------------------------------------------------------------
Date and time:  1 Feb 2022 13:46:08
Stata version: 17
Updated as of: 13 Dec 2021
Variant:       MP
Processors:    4
OS:            MacOSX 11.6.2
Machine type:  Macintosh (Intel 64-bit)
-------------------------------------------------------------------------------

. 
. ************
. * Code begins
. ************
. 
. insheet using "$MyProject/data/auto.csv", comma clear
(12 vars, 74 obs)

. 
. compress
  (0 bytes saved)

. save "$MyProject/processed/intermediate/auto_uncleaned.dta", replace
file /Users/jreif/Documents/GitHub/my-project/analysis/processed/intermediate/auto_uncleaned.dta saved

. 
. ** EOF
. 
end of do-file

. do "$MyProject/scripts/2_clean_data.do"

. ************
. * SCRIPT: 2_clean_data.do
. * PURPOSE: processes the main dataset in preparation for analysis
. ************
. 
. * Preamble (unnecessary when executing run.do)
. run "$MyProject/scripts/programs/_config.do"
-------------------------------------------------------------------------------
Date and time:  1 Feb 2022 13:46:08
Stata version: 17
Updated as of: 13 Dec 2021
Variant:       MP
Processors:    4
OS:            MacOSX 11.6.2
Machine type:  Macintosh (Intel 64-bit)
-------------------------------------------------------------------------------

. 
. ************
. * Code begins
. ************
. 
. use "$MyProject/processed/intermediate/auto_uncleaned.dta", clear

. 
. * Replace missing values with median for that variable
. foreach v of varlist * {
  2.         cap confirm numeric var `v'
  3.         if _rc continue
  4.         
.         gen imp_`v' = mi(`v')
  5.         label var imp_`v' "Imputed value for `v'"
  6.         summ `v', detail
  7.         replace `v' = r(p50) if mi(`v')
  8. }

                            price
-------------------------------------------------------------
      Percentiles      Smallest
 1%         3291           3291
 5%         3748           3299
10%         3895           3667       Obs                  74
25%         4195           3748       Sum of wgt.          74

50%       5006.5                      Mean           6165.257
                        Largest       Std. dev.      2949.496
75%         6342          13466
90%        11385          13594       Variance        8699526
95%        13466          14500       Skewness       1.653434
99%        15906          15906       Kurtosis       4.819188
(0 real changes made)

                             mpg
-------------------------------------------------------------
      Percentiles      Smallest
 1%           12             12
 5%           14             12
10%           14             14       Obs                  74
25%           18             14       Sum of wgt.          74

50%           20                      Mean            21.2973
                        Largest       Std. dev.      5.785503
75%           25             34
90%           29             35       Variance       33.47205
95%           34             35       Skewness       .9487176
99%           41             41       Kurtosis       3.975005
(0 real changes made)

                            rep78
-------------------------------------------------------------
      Percentiles      Smallest
 1%            1              1
 5%            2              1
10%            2              2       Obs                  69
25%            3              2       Sum of wgt.          69

50%            3                      Mean           3.405797
                        Largest       Std. dev.      .9899323
75%            4              5
90%            5              5       Variance       .9799659
95%            5              5       Skewness      -.0570331
99%            5              5       Kurtosis       2.678086
(5 real changes made)

                          headroom
-------------------------------------------------------------
      Percentiles      Smallest
 1%          1.5            1.5
 5%          1.5            1.5
10%            2            1.5       Obs                  74
25%          2.5            1.5       Sum of wgt.          74

50%            3                      Mean           2.993243
                        Largest       Std. dev.      .8459948
75%          3.5            4.5
90%            4            4.5       Variance       .7157071
95%          4.5            4.5       Skewness       .1408651
99%            5              5       Kurtosis       2.208453
(0 real changes made)

                            trunk
-------------------------------------------------------------
      Percentiles      Smallest
 1%            5              5
 5%            7              6
10%            8              7       Obs                  74
25%           10              7       Sum of wgt.          74

50%           14                      Mean           13.75676
                        Largest       Std. dev.      4.277404
75%           17             21
90%           20             21       Variance       18.29619
95%           21             22       Skewness       .0292034
99%           23             23       Kurtosis       2.192052
(0 real changes made)

                           weight
-------------------------------------------------------------
      Percentiles      Smallest
 1%         1760           1760
 5%         1830           1800
10%         2020           1800       Obs                  74
25%         2240           1830       Sum of wgt.          74

50%         3190                      Mean           3019.459
                        Largest       Std. dev.      777.1936
75%         3600           4290
90%         4060           4330       Variance       604029.8
95%         4290           4720       Skewness       .1481164
99%         4840           4840       Kurtosis       2.118403
(0 real changes made)

                           length
-------------------------------------------------------------
      Percentiles      Smallest
 1%          142            142
 5%          154            147
10%          157            149       Obs                  74
25%          170            154       Sum of wgt.          74

50%        192.5                      Mean           187.9324
                        Largest       Std. dev.      22.26634
75%          204            221
90%          218            222       Variance       495.7899
95%          221            230       Skewness      -.0409746
99%          233            233       Kurtosis        2.04156
(0 real changes made)

                            turn
-------------------------------------------------------------
      Percentiles      Smallest
 1%           31             31
 5%           33             32
10%           34             33       Obs                  74
25%           36             33       Sum of wgt.          74

50%           40                      Mean           39.64865
                        Largest       Std. dev.      4.399354
75%           43             46
90%           45             48       Variance       19.35431
95%           46             48       Skewness       .1238259
99%           51             51       Kurtosis       2.229458
(0 real changes made)

                        displacement
-------------------------------------------------------------
      Percentiles      Smallest
 1%           79             79
 5%           86             85
10%           97             86       Obs                  74
25%          119             86       Sum of wgt.          74

50%          196                      Mean           197.2973
                        Largest       Std. dev.      91.83722
75%          250            350
90%          350            400       Variance       8434.075
95%          350            400       Skewness       .5916565
99%          425            425       Kurtosis       2.375577
(0 real changes made)

                         gear_ratio
-------------------------------------------------------------
      Percentiles      Smallest
 1%         2.19           2.19
 5%         2.28           2.24
10%         2.43           2.26       Obs                  74
25%         2.73           2.28       Sum of wgt.          74

50%        2.955                      Mean           3.014865
                        Largest       Std. dev.      .4562871
75%         3.37           3.78
90%         3.72           3.78       Variance       .2081979
95%         3.78           3.81       Skewness       .2191658
99%         3.89           3.89       Kurtosis       2.101812
(0 real changes made)

. 
. compress
  variable imp_price was float now byte
  variable imp_mpg was float now byte
  variable imp_rep78 was float now byte
  variable imp_headroom was float now byte
  variable imp_trunk was float now byte
  variable imp_weight was float now byte
  variable imp_length was float now byte
  variable imp_turn was float now byte
  variable imp_displacement was float now byte
  variable imp_gear_ratio was float now byte
  (2,220 bytes saved)

. save "$MyProject/processed/auto.dta", replace
file /Users/jreif/Documents/GitHub/my-project/analysis/processed/auto.dta saved

. 
. ** EOF
. 
end of do-file

. do "$MyProject/scripts/3_regressions.do"

. ************
. * SCRIPT: 3_regressions.do
. * PURPOSE: estimates regression models and saves the resulting output
. ************
. 
. * Preamble (unnecessary when executing run.do)
. run "$MyProject/scripts/programs/_config.do"
-------------------------------------------------------------------------------
Date and time:  1 Feb 2022 13:46:08
Stata version: 17
Updated as of: 13 Dec 2021
Variant:       MP
Processors:    4
OS:            MacOSX 11.6.2
Machine type:  Macintosh (Intel 64-bit)
-------------------------------------------------------------------------------

. 
. ************
. * Code begins
. ************
. 
. tempfile results

. use "$MyProject/processed/auto.dta", clear

. 
. local replace replace

. foreach rhs in "mpg" "mpg weight" {
  2.         
.         * Domestic cars
.         reg price `rhs' if foreign=="Domestic", robust
  3.         regsave using "`results'", t p autoid `replace' addlabel(rhs,"`rhs'",origin,Domestic) 
  4.         local replace append
  5.         
.         * Foreign cars
.         reg price `rhs' if foreign=="Foreign", robust
  6.         regsave using "`results'", t p autoid append addlabel(rhs,"`rhs'",origin,"Foreign") 
  7. }

Linear regression                               Number of obs     =         52
                                                F(1, 50)          =      16.44
                                                Prob > F          =     0.0002
                                                R-squared         =     0.2543
                                                Root MSE          =     2701.1

------------------------------------------------------------------------------
             |               Robust
       price | Coefficient  std. err.      t    P>|t|     [95% conf. interval]
-------------+----------------------------------------------------------------
         mpg |  -329.2551    81.1942    -4.06   0.000    -492.3384   -166.1717
       _cons |   12600.54   1777.731     7.09   0.000     9029.859    16171.22
------------------------------------------------------------------------------
(file /var/folders/rr/4qwqdlyn7n1_fc89nkkxl22930kzkx/T//S_04499.000001 not found)
file /var/folders/rr/4qwqdlyn7n1_fc89nkkxl22930kzkx/T//S_04499.000001 saved as .dta format

Linear regression                               Number of obs     =         22
                                                F(1, 20)          =       8.05
                                                Prob > F          =     0.0102
                                                R-squared         =     0.3985
                                                Root MSE          =     2083.6

------------------------------------------------------------------------------
             |               Robust
       price | Coefficient  std. err.      t    P>|t|     [95% conf. interval]
-------------+----------------------------------------------------------------
         mpg |  -250.3668   88.22545    -2.84   0.010    -434.4019   -66.33174
       _cons |   12586.95   2352.589     5.35   0.000     7679.535    17494.37
------------------------------------------------------------------------------
(variable origin was str7, now str8 to accommodate using data's values)
file /var/folders/rr/4qwqdlyn7n1_fc89nkkxl22930kzkx/T//S_04499.000001 saved as .dta format

Linear regression                               Number of obs     =         52
                                                F(2, 49)          =      18.88
                                                Prob > F          =     0.0000
                                                R-squared         =     0.4830
                                                Root MSE          =       2272

------------------------------------------------------------------------------
             |               Robust
       price | Coefficient  std. err.      t    P>|t|     [95% conf. interval]
-------------+----------------------------------------------------------------
         mpg |    237.691   202.6121     1.17   0.246    -169.4733    644.8552
      weight |   4.415037   1.338438     3.30   0.002     1.725346    7.104728
       _cons |  -13285.44   8279.718    -1.60   0.115    -29924.16    3353.272
------------------------------------------------------------------------------
file /var/folders/rr/4qwqdlyn7n1_fc89nkkxl22930kzkx/T//S_04499.000001 saved as .dta format

Linear regression                               Number of obs     =         22
                                                F(2, 19)          =      49.02
                                                Prob > F          =     0.0000
                                                R-squared         =     0.7855
                                                Root MSE          =     1276.7

------------------------------------------------------------------------------
             |               Robust
       price | Coefficient  std. err.      t    P>|t|     [95% conf. interval]
-------------+----------------------------------------------------------------
         mpg |  -19.77737   51.73445    -0.38   0.706    -128.0588    88.50408
      weight |   5.155842    .769729     6.70   0.000     3.544781    6.766904
       _cons |  -5065.841   2885.351    -1.76   0.095    -11104.95    973.2692
------------------------------------------------------------------------------
(variable origin was str7, now str8 to accommodate using data's values)
file /var/folders/rr/4qwqdlyn7n1_fc89nkkxl22930kzkx/T//S_04499.000001 saved as .dta format

. 
. use "`results'", clear

. compress
  variable _id was float now byte
  (30 bytes saved)

. save "$MyProject/results/intermediate/my_regressions.dta", replace
file /Users/jreif/Documents/GitHub/my-project/analysis/results/intermediate/my_regressions.dta saved

. 
. * R regressions. First argument: input file. Second argument: output file.
. if "$DisableR"!="1" rscript using "$MyProject/scripts/programs/regressions.R", args("$MyProject/processed/auto.dta" "$MyProject/results/intermediate/my_lm_regressions.
> dta")
Running R script: /Users/jreif/Documents/GitHub/my-project/analysis/scripts/programs/regressions.R
Args: "/Users/jreif/Documents/GitHub/my-project/analysis/processed/auto.dta" "/Users/jreif/Documents/GitHub/my-project/analysis/results/intermediate/my_lm_regressions.dt
> a"

Begin R output:
________________________________________________________________________________
stdout:


stderr:
── Attaching packages ─────────────────────────────────────── tidyverse 1.3.1 ──
✔ ggplot2 3.3.5     ✔ purrr   0.3.4
✔ tibble  3.1.6     ✔ dplyr   1.0.7
✔ tidyr   1.1.4     ✔ stringr 1.4.0
✔ readr   2.1.1     ✔ forcats 0.5.1
── Conflicts ────────────────────────────────────────── tidyverse_conflicts() ──
✖ dplyr::filter() masks stats::filter()
✖ dplyr::lag()    masks stats::lag()
________________________________________________________________________________
...end R output

. 
. ** EOF
. 
end of do-file

. do "$MyProject/scripts/4_make_tables_figures.do"

. ************
. * SCRIPT: 4_make_tables_figures.do
. * PURPOSE: creates the LaTeX tables and PDF figures for the paper
. ************
. 
. * Preamble (unnecessary when executing run.do)
. run "$MyProject/scripts/programs/_config.do"
-------------------------------------------------------------------------------
Date and time:  1 Feb 2022 13:46:11
Stata version: 17
Updated as of: 13 Dec 2021
Variant:       MP
Processors:    4
OS:            MacOSX 11.6.2
Machine type:  Macintosh (Intel 64-bit)
-------------------------------------------------------------------------------

. 
. ************
. * Code begins
. ************
. 
. ********************************
. * Price histogram              *
. ********************************
. 
. use "$MyProject/processed/auto.dta", clear

. format price %12.0fc

. histogram price, frequency xtitle("Price (1978 dollars)") graphregion(fcolor(white))
(bin=8, start=3291, width=1576.875)

. graph export "$MyProject/results/figures/price_histogram.pdf", as(pdf) replace
file /Users/jreif/Documents/GitHub/my-project/analysis/results/figures/price_histogram.pdf saved as PDF format

. 
. ********************************
. * Descriptive statistics table *
. ********************************
. tempfile tmp

. preserve

. local run_no = 0

. foreach v in price mpg weight {
  2. 
.         assert inlist(imp_`v',0,1)
  3.         gen non_missing = 1 - imp_`v'
  4. 
.         collapse (mean) mean=`v' (sd) sd=`v' (min) min=`v' (max) max=`v' (sum) count=non_missing, fast
  5. 
.         gen var = "`v'"
  6.         if `run_no'>0 append using "`tmp'"
  7.         save "`tmp'", replace
  8.         local run_no = `run_no'+1
  9.         restore, preserve
 10. }
(file /var/folders/rr/4qwqdlyn7n1_fc89nkkxl22930kzkx/T//S_04499.000001 not found)
file /var/folders/rr/4qwqdlyn7n1_fc89nkkxl22930kzkx/T//S_04499.000001 saved as .dta format
(variable min was byte, now int to accommodate using data's values)
(variable max was byte, now int to accommodate using data's values)
(variable var was str3, now str5 to accommodate using data's values)
file /var/folders/rr/4qwqdlyn7n1_fc89nkkxl22930kzkx/T//S_04499.000001 saved as .dta format
file /var/folders/rr/4qwqdlyn7n1_fc89nkkxl22930kzkx/T//S_04499.000001 saved as .dta format

. restore, not

. use "`tmp'", clear

. order var

. 
. * Page 2: "The average price of automobiles in this dataset is $6,165."
. assert abs(mean-6165.26)<0.01 if var=="price"

. 
. tostring mean sd min max, format(%9.3gc) replace force
mean was float now str5
mean was forced to string; some loss of information
sd was float now str5
sd was forced to string; some loss of information
min was int now str5
min was forced to string; some loss of information
max was int now str6
max was forced to string; some loss of information

. tostring count, format(%9.0gc) replace
count was double now str2

. 
. label var mean "Mean"

. label var sd "Stdev."

. label var min "Min"

. label var max "Max"

. label var count "Count"

. 
. * Run Stata program (stored in /programs)
. clean_vars var
variable var was str6 now str16
(1 real change made)
(1 real change made)
variable var was str16 now str20
(1 real change made)

. 
. local fn "Notes: Count reports the number of non-missing values for the variable."

. local title "Summary statistics"

. 
. texsave using "$MyProject/results/tables/my_summary_stats.tex", replace varlabels marker(tab:my_summary_stats) title("`title'") footnote("`fn'")

. 
. 
. ***************************
. * Create regression table *
. ***************************
. tempfile my_table

. use "$MyProject/results/intermediate/my_regressions.dta", clear

. 
. * Merge together the four regressions into one table
. local run_no = 1

. local replace replace

. foreach orig in "Domestic" "Foreign" {
  2.         foreach rhs in "mpg" "mpg weight" {
  3.                 
.                 regsave_tbl using "`my_table'" if origin=="`orig'" & rhs=="`rhs'", name(col`run_no') asterisk(10 5 1) parentheses(stderr) sigfig(3) `replace'
  4.                 
.                 local run_no = `run_no'+1
  5.                 local replace append
  6.         }
  7. }
(file /var/folders/rr/4qwqdlyn7n1_fc89nkkxl22930kzkx/T//S_04499.000003 not found)
file /var/folders/rr/4qwqdlyn7n1_fc89nkkxl22930kzkx/T//S_04499.000003 saved as .dta format
file /var/folders/rr/4qwqdlyn7n1_fc89nkkxl22930kzkx/T//S_04499.000003 saved as .dta format
file /var/folders/rr/4qwqdlyn7n1_fc89nkkxl22930kzkx/T//S_04499.000003 saved as .dta format
file /var/folders/rr/4qwqdlyn7n1_fc89nkkxl22930kzkx/T//S_04499.000003 saved as .dta format

. 
. ***
. * Format the table
. ***
. use "`my_table'", clear

. drop if inlist(var,"_id","rhs","origin") | strpos(var,"_cons") | strpos(var,"tstat") | strpos(var,"pval")
(11 observations deleted)

. 
. * texsave will output these labels as column headers
. label var col1 "Spec 1"

. label var col2 "Spec 2"

. label var col3 "Spec 1"

. label var col4 "Spec 2"

. 
. * Display R^2 in LaTeX math mode
. replace var = "\(R^2\)" if var=="r2"
(1 real change made)

. 
. * Clean variable names
. replace var = subinstr(var,"_coef","",1)
(2 real changes made)

. replace var = "" if strpos(var,"_stderr")
(2 real changes made)

. clean_vars var
variable var was str13 now str16
(1 real change made)
(1 real change made)
(0 real changes made)

. 
. local title "Association between automobile price and fuel efficiency"

. local headerlines "& \multicolumn{2}{c}{Domestic cars} & \multicolumn{2}{c}{Foreign cars} " "\cmidrule(lr){2-3} \cmidrule(lr){4-5}"

. local fn "Notes: Outcome variable is price (1978 dollars). Columns (1) and (2) report estimates of \(\beta\) from equation (\ref{eqn:model}) for domestic automobiles. 
> Columns (3) and (4) report estimates for foreign automobiles. Robust standard errors are reported in parentheses. A */**/*** indicates significance at the 10/5/1\% lev
> els."

. texsave using "$MyProject/results/tables/my_regressions.tex", autonumber varlabels hlines(-2) nofix replace marker(tab:my_regressions) title("`title'") headerlines("`h
> eaderlines'") footnote("`fn'")

. preserve

. 
. 
. ***************************
. * Create regression table: R *
. ***************************
. if "$DisableR"!="1" {
. tempfile my_table_r
. use "$MyProject/results/intermediate/my_lm_regressions.dta", clear
. 
. ren term var
. ren estimate coef
. ren std_error stderr
. ren p_value pval
. drop statistic conf* df outcome
. 
. * Merge together the four regressions into one table
. local run_no = 1
. local replace replace
. foreach orig in "Domestic" "Foreign" {
  2.         foreach rhs in "mpg" "mpg weight" {
  3.                 
.                 regsave_tbl using "`my_table_r'" if origin=="`orig'" & rhs=="`rhs'", name(col`run_no') asterisk(10 5 1) parentheses(stderr) sigfig(3) `replace'
  4.                 
.                 local run_no = `run_no'+1
  5.                 local replace append
  6.         }
  7. }
(file /var/folders/rr/4qwqdlyn7n1_fc89nkkxl22930kzkx/T//S_04499.000005 not found)
file /var/folders/rr/4qwqdlyn7n1_fc89nkkxl22930kzkx/T//S_04499.000005 saved as .dta format
file /var/folders/rr/4qwqdlyn7n1_fc89nkkxl22930kzkx/T//S_04499.000005 saved as .dta format
file /var/folders/rr/4qwqdlyn7n1_fc89nkkxl22930kzkx/T//S_04499.000005 saved as .dta format
file /var/folders/rr/4qwqdlyn7n1_fc89nkkxl22930kzkx/T//S_04499.000005 saved as .dta format
.         
. * Format the table
. use "`my_table_r'", clear
. drop if inlist(var,"_id","rhs","origin") | strpos(var,"(Intercept)") | strpos(var,"tstat") | strpos(var,"pval")
(7 observations deleted)
. 
. label var col1 "Spec 1"
. label var col2 "Spec 2"
. label var col3 "Spec 1"
. label var col4 "Spec 2"
. 
. replace var = "\(R^2\)" if var=="r2"
(0 real changes made)
. replace var = subinstr(var,"_coef","",1)
(2 real changes made)
. replace var = "" if strpos(var,"_stderr")
(2 real changes made)
. 
. * Append to prior table, reformat, and output
. save "`my_table_r'", replace
file /var/folders/rr/4qwqdlyn7n1_fc89nkkxl22930kzkx/T//S_04499.000005 saved as .dta format
. restore
. append using "`my_table_r'"
(variable var was str16, now str18 to accommodate using data's values)
. drop if var=="N" | strpos(var,"R^2")
(2 observations deleted)
. ingap 1 5
. 
. replace var = "A. Stata output (regress)" in 1 if mi(var)
variable var was str18 now str25
(1 real change made)
. replace var = "B. R output (lm\_robust)" in 6 if mi(var)
(1 real change made)
. 
. * Run Stata program (stored in /functions)
. clean_vars var
(1 real change made)
(1 real change made)
(0 real changes made)
. 
. * Same output as previous table above, so reuse the same footnote and headerlines
. local title "Association between automobile price and fuel efficiency, Stata and R"
. texsave using "$MyProject/results/tables/my_regressions_with_r.tex", autonumber varlabels hlines(1 6) nofix replace marker(tab:my_regressions_with_r) title("`title'") 
> headerlines("`headerlines'") footnote("`fn'") bold("A." "B.")
. }

. 
. 
. ** EOF
. 
end of do-file

. 
. * End log
. di "End date and time: $S_DATE $S_TIME"
End date and time:  1 Feb 2022 13:46:14

. log close
      name:  <unnamed>
       log:  /Users/jreif/Documents/GitHub/my-project/analysis/scripts/logs/2022.02.01-13.46.07.log.txt
  log type:  text
 closed on:   1 Feb 2022, 13:46:14
-------------------------------------------------------------------------------------------------------------------------------------------------------------------------
